// Jest Snapshot v1, https://goo.gl/fbAQLP

exports[`renders details page correctly 1`] = `
<div
  className="container mx-auto flex flex-col bg-[#fdfcf7] rounded py-8"
>
  <div
    className="w-full mx-auto flex flex-col justify-center align-center my-8 lg:flex-row md:justify-between"
  >
    <div
      className="w-80 mx-auto md:w-1/2 md:shrink-0 flex justify-center align-center"
    >
      <img
        alt=""
        className="w-full h-80 md:h-full p-1 bg-white border rounded max-w-sm transition-shadow ease-in-out duration-300 shadow-none hover:shadow-2xl cursor-pointer"
      />
    </div>
    <div
      className="w-80 mx-auto md:w-1/2 flex flex-col justify-center align-start text-[#555555]"
    >
      <h1
        className="w-80 text-center text-2xl font-bold text-[#1F99DD] my-3"
      />
      <p
        className="w-80 mb-3"
      />
      <p
        className="mb-3"
      >
        <span
          className="font-bold"
        >
          City:
        </span>
      </p>
      <p
        className="mb-3"
      >
        <span
          className="font-bold"
        >
          Available From: 
        </span>
        2022-09-28
      </p>
      <p
        className="mb-3"
      >
        <span
          className="font-bold"
        >
          Monthly Rent: $
        </span>
      </p>
      <p
        className="mb-3"
      >
        <span
          className="font-bold"
        >
          Total Fee/Month: $
        </span>
        NaN
      </p>
      <button
        className="w-80 bg-[#96bf01] text-[#fdfcf7] border-2 border-transparent hover:bg-[#fdfcf7] hover:text-[#96bf01] hover:border-2 hover:border-[#96bf01] transition-color ease-in-out text-sm px-3 py-3 rounded uppercase"
        onClick={[Function]}
        type="button"
        value="reserve"
      >
        Reserve an apartment
      </button>
    </div>
  </div>
  <div>
    <h2
      className="w-80 mx-auto text-center text-2xl font-bold text-[#1F99DD] my-3"
    >
      Interior
    </h2>
  </div>
  <div
    className="w-full mx-auto flex flex-col justify-center align-start my-8 lg:flex-row md:justify-between"
  >
    <div
      className="w-80 lg:96 mx-auto md:shrink-0 mb-8"
    >
      <img
        alt="interior 1"
        className="w-full h-64 p-1 bg-white border rounded max-w-sm transition-shadow ease-in-out duration-300 shadow-none hover:shadow-2xl cursor-pointer"
      />
    </div>
    <div
      className="w-80 mx-auto md:shrink-0 mb-8 lg:pl-2"
    >
      <img
        alt="interior 2"
        className="w-full h-64 p-1 bg-white border rounded max-w-sm transition-shadow ease-in-out duration-300 shadow-none hover:shadow-2xl cursor-pointer"
      />
    </div>
    <div
      className="w-80 mx-auto md:shrink-0 lg:pl-2"
    >
      <img
        alt="interior 3"
        className="w-full h-64 p-1 bg-white border rounded max-w-sm transition-shadow ease-in-out duration-300 shadow-none hover:shadow-2xl cursor-pointer"
      />
    </div>
  </div>
</div>
`;
