// Jest Snapshot v1, https://goo.gl/fbAQLP

exports[`renders main page correctly 1`] = `null`;
