// Jest Snapshot v1, https://goo.gl/fbAQLP

exports[`renders add apartments page correctly 1`] = `null`;
